Microchip Technology Inc, v1.60 (B)

Tool Name:
  c:\program files\microchip\xc16\v1.60\bin\bin\..\bin/elf-ld.exe

Command:
  -p24FJ256GA106 \
  --mdfp=C:/Program Files (x86)/Microchip/MPLABX/v5.40/packs/Microchip/PIC24F-GA-GB_DFP/1.3.109/xc16 \
  -o \
  dist/default/production/amp-3118.X.production.elf \
  -Lc:/program files/microchip/xc16/v1.60/bin/bin/.. \
  -LC:/Program Files (x86)/Microchip/MPLABX/v5.40/packs/Microchip/PIC24F-GA-GB_DFP/1.3.109/xc16/bin/../support/PIC24F/gld \
  -Lc:/program files/microchip/xc16/v1.60/bin/bin/../../lib \
  -Lc:/program files/microchip/xc16/v1.60/bin/bin/../../support/PIC24E/gld \
  -Lc:/program files/microchip/xc16/v1.60/bin/bin/../../support/PIC24F/gld \
  -Lc:/program files/microchip/xc16/v1.60/bin/bin/../../support/PIC24H/gld \
  -Lc:/program files/microchip/xc16/v1.60/bin/bin/../../support/dsPIC30F/gld \
  -Lc:/program files/microchip/xc16/v1.60/bin/bin/../../support/dsPIC33C/gld \
  -Lc:/program files/microchip/xc16/v1.60/bin/bin/../../support/dsPIC33E/gld \
  -Lc:/program files/microchip/xc16/v1.60/bin/bin/../../support/dsPIC33F/gld \
  build/default/production/src/delay.o \
  build/default/production/src/i2c.o \
  build/default/production/src/main.o \
  build/default/production/src/uart.o \
  build/default/production/src/timer.o \
  build/default/production/src/key.o \
  build/default/production/src/sta311b.o \
  build/default/production/src/adc.o \
  build/default/production/src/irmp.o \
  build/default/production/u8g2/u8g2_bitmap.o \
  build/default/production/u8g2/u8g2_box.o \
  build/default/production/u8g2/u8g2_buffer.o \
  build/default/production/u8g2/u8g2_circle.o \
  build/default/production/u8g2/u8g2_cleardisplay.o \
  build/default/production/u8g2/u8g2_d_memory.o \
  build/default/production/u8g2/u8g2_d_setup.o \
  build/default/production/u8g2/u8g2_font.o \
  build/default/production/u8g2/u8g2_hvline.o \
  build/default/production/u8g2/u8g2_input_value.o \
  build/default/production/u8g2/u8g2_intersection.o \
  build/default/production/u8g2/u8g2_kerning.o \
  build/default/production/u8g2/u8g2_line.o \
  build/default/production/u8g2/u8g2_ll_hvline.o \
  build/default/production/u8g2/u8g2_message.o \
  build/default/production/u8g2/u8g2_polygon.o \
  build/default/production/u8g2/u8g2_selection_list.o \
  build/default/production/u8g2/u8g2_setup.o \
  build/default/production/u8g2/u8log.o \
  build/default/production/u8g2/u8log_u8g2.o \
  build/default/production/u8g2/u8log_u8x8.o \
  build/default/production/u8g2/u8x8_8x8.o \
  build/default/production/u8g2/u8x8_byte.o \
  build/default/production/u8g2/u8x8_cad.o \
  build/default/production/u8g2/u8x8_debounce.o \
  build/default/production/u8g2/u8x8_display.o \
  build/default/production/u8g2/u8x8_gpio.o \
  build/default/production/u8g2/u8x8_input_value.o \
  build/default/production/u8g2/u8x8_message.o \
  build/default/production/u8g2/u8x8_selection_list.o \
  build/default/production/u8g2/u8x8_setup.o \
  build/default/production/u8g2/u8x8_string.o \
  build/default/production/u8g2/u8x8_u16toa.o \
  build/default/production/u8g2/u8x8_u8toa.o \
  build/default/production/u8g2/u8x8_d_ssd1306_128x64_noname.o \
  build/default/production/u8g2/u8g2_fonts.o \
  --defsym=__MPLAB_BUILD=1 \
  -Tp24FJ256GA106.gld.00 \
  --stack=16 \
  --check-sections \
  --data-init \
  --pack-data \
  --handles \
  --isr \
  --no-gc-sections \
  --fill-upper=0 \
  --stackguard=16 \
  --no-force-link \
  --smart-io \
  -Map=dist/default/production/amp-3118.X.production.map \
  --report-mem \
  --memorysummary \
  dist/default/production/memoryfile.xml \
  -start-group \
  --library=lega-pic30-elf \
  --library=fastm-elf \
  --library=lega-c-elf \
  -end-group \


Optional library libpPIC24Fxxx.a not found
Archive member included because of file (symbol)

c:/program files/microchip/xc16/v1.60/bin/bin/../../lib\liblega-pic30-elf.a(crt0_standard.o)
                              (__resetPRI)
c:/program files/microchip/xc16/v1.60/bin/bin/../../lib\liblega-pic30-elf.a(data_init_standard.o)
                              c:/program files/microchip/xc16/v1.60/bin/bin/../../lib\liblega-pic30-elf.a(crt0_standard.o) (__data_init_standard)
c:/program files/microchip/xc16/v1.60/bin/bin/../../lib\liblega-pic30-elf.a(crt_start_mode_normal.Leo)
                              (__crt_start_mode_normal)
c:/program files/microchip/xc16/v1.60/bin/bin/../../lib\liblega-c-elf.a(memcpy.XX_eo)
                              build/default/production/src/irmp.o (_memcpy)
c:/program files/microchip/xc16/v1.60/bin/bin/../../lib\liblega-c-elf.a(memset.XX_eo)
                              build/default/production/u8g2/u8g2_buffer.o (_memset)
c:/program files/microchip/xc16/v1.60/bin/bin/../../lib\liblega-c-elf.a(puts.XX_eo)
                              build/default/production/src/main.o (_puts)
c:/program files/microchip/xc16/v1.60/bin/bin/../../lib\liblega-c-elf.a(xfiles.XX_eo)
[...]
Memory Configuration

Name             Origin             Length             Attributes
data             0x000800           0x004000           a !xr
reset            0x000000           0x000004  
ivt              0x000004           0x0000fc  
_reserved        0x000100           0x000004  
aivt             0x000104           0x0000fc  
program          0x000200           0x02a9f8           xr
CONFIG3          0x02abfa           0x000002  
CONFIG2          0x02abfc           0x000002  
CONFIG1          0x02abfe           0x000002  
*default*        0x000000           0xffffffff  

Linker script and memory map

LOAD build/default/production/src/delay.o
LOAD build/default/production/src/i2c.o
LOAD build/default/production/src/main.o
LOAD build/default/production/src/uart.o
LOAD build/default/production/src/timer.o
LOAD build/default/production/src/key.o
LOAD build/default/production/src/sta311b.o
LOAD build/default/production/src/adc.o
LOAD build/default/production/src/irmp.o
LOAD build/default/production/u8g2/u8g2_bitmap.o
LOAD build/default/production/u8g2/u8g2_box.o
LOAD build/default/production/u8g2/u8g2_buffer.o
LOAD build/default/production/u8g2/u8g2_circle.o
LOAD build/default/production/u8g2/u8g2_cleardisplay.o
LOAD build/default/production/u8g2/u8g2_d_memory.o
LOAD build/default/production/u8g2/u8g2_d_setup.o
LOAD build/default/production/u8g2/u8g2_font.o
LOAD build/default/production/u8g2/u8g2_hvline.o
LOAD build/default/production/u8g2/u8g2_input_value.o
LOAD build/default/production/u8g2/u8g2_intersection.o
LOAD build/default/production/u8g2/u8g2_kerning.o
LOAD build/default/production/u8g2/u8g2_line.o
LOAD build/default/production/u8g2/u8g2_ll_hvline.o
LOAD build/default/production/u8g2/u8g2_message.o
LOAD build/default/production/u8g2/u8g2_polygon.o
LOAD build/default/production/u8g2/u8g2_selection_list.o
LOAD build/default/production/u8g2/u8g2_setup.o
LOAD build/default/production/u8g2/u8log.o
LOAD build/default/production/u8g2/u8log_u8g2.o
LOAD build/default/production/u8g2/u8log_u8x8.o
LOAD build/default/production/u8g2/u8x8_8x8.o
LOAD build/default/production/u8g2/u8x8_byte.o
LOAD build/default/production/u8g2/u8x8_cad.o
LOAD build/default/production/u8g2/u8x8_debounce.o
LOAD build/default/production/u8g2/u8x8_display.o
LOAD build/default/production/u8g2/u8x8_gpio.o
LOAD build/default/production/u8g2/u8x8_input_value.o
LOAD build/default/production/u8g2/u8x8_message.o
LOAD build/default/production/u8g2/u8x8_selection_list.o
LOAD build/default/production/u8g2/u8x8_setup.o
LOAD build/default/production/u8g2/u8x8_string.o
LOAD build/default/production/u8g2/u8x8_u16toa.o
LOAD build/default/production/u8g2/u8x8_u8toa.o
LOAD build/default/production/u8g2/u8x8_d_ssd1306_128x64_noname.o
LOAD build/default/production/u8g2/u8g2_fonts.o
                    0x0001                  __MPLAB_BUILD = 0x1
LOAD pPIC24Fxxx
LOAD c:/program files/microchip/xc16/v1.60/bin/bin/../../lib\libfx-elf.a
                    0x2abfa                  __CONFIG3 = 0x2abfa
                    0x2abfc                  __CONFIG2 = 0x2abfc
                    0x2abfe                  __CONFIG1 = 0x2abfe
                    0x0200                  __CODE_BASE = 0x200
                    0x2a9f8                  __CODE_LENGTH = 0x2a9f8
                    0x0004                  __IVT_BASE = 0x4
                    0x0104                  __AIVT_BASE = 0x104
                    0x0800                  __DATA_BASE = 0x800
                    0x4000                  __DATA_LENGTH = 0x4000

.reset            0x000000          0x4
                  0x000000          0x2 SHORT 0x200 ABSOLUTE (__reset)
                  0x000001          0x2 SHORT 0x4
                  0x000002          0x2 SHORT 0x0 ((ABSOLUTE (__reset) >> 0x10) & 0x7f)
                  0x000003          0x2 SHORT 0x0

.text             0x000200       0x2bca
 *(.init)
 .init            0x000200         0x4c c:/program files/microchip/xc16/v1.60/bin/bin/../../lib\liblega-pic30-elf.a(crt0_standard.o)
                  0x000200                  __resetPRI
                  0x000200                  __reset
                  0x00023c                  __psv_init
 .init            0x00024c         0x7c c:/program files/microchip/xc16/v1.60/bin/bin/../../lib\liblega-pic30-elf.a(data_init_standard.o)
                  0x000252                  __data_init_standard
                  0x000252                  __data_init
 *(.user_init)
 *(.handle)
 .handle          0x0002c8         0xa8 jump_table
 *(.isr*)
 .isr.text        0x000370         0xae build/default/production/src/uart.o
                  0x000370                  __U1RXInterrupt
                  0x0003ca                  __U1TXInterrupt
 .isr.text        0x00041e         0x8e build/default/production/src/timer.o
                  0x00041e                  __T1Interrupt
                  0x000486                  __T2Interrupt
 .isr             0x0004ac          0x4 default_isr
                  0x0004ac                  __DefaultInterrupt
 *(.libc)
 .libc            0x0004b0         0x12 c:/program files/microchip/xc16/v1.60/bin/bin/../../lib\liblega-pic30-elf.a(close.Leo)
                  0x0004b0                  _close
 .libc            0x0004c2         0x84 c:/program files/microchip/xc16/v1.60/bin/bin/../../lib\liblega-pic30-elf.a(write.Leo)
                  0x0004c2                  _write
 .libc            0x000546         0x12 c:/program files/microchip/xc16/v1.60/bin/bin/../../lib\liblega-pic30-elf.a(remove.Leo)
                  0x000546                  _remove
 .libc            0x000558         0x28 c:/program files/microchip/xc16/v1.60/bin/bin/../../lib\liblega-pic30-elf.a(sbrk.Leo)
                  0x000558                  _sbrk
 .libc            0x000580         0x1a c:/program files/microchip/xc16/v1.60/bin/bin/../../lib\liblega-pic30-elf.a(brk.Lelo)
                  0x000580                  _brk
 *(.libm)
 *(.libdsp)
 *(.lib*)
 .libpic30_crt_start_mode
                  0x00059a          0x2 c:/program files/microchip/xc16/v1.60/bin/bin/../../lib\liblega-pic30-elf.a(crt_start_mode_normal.Leo)
                  0x00059a                  __crt_start_mode
                  0x00059a                  __crt_start_mode_normal
 .libc.memcpy     0x00059c          0xe c:/program files/microchip/xc16/v1.60/bin/bin/../../lib\liblega-c-elf.a(memcpy.XX_eo)
                  0x00059c                  _memcpy
 .libc.memset     0x0005aa          0xe c:/program files/microchip/xc16/v1.60/bin/bin/../../lib\liblega-c-elf.a(memset.XX_eo)
                  0x0005aa                  _memset
 .libc.puts       0x0005b8         0x16 c:/program files/microchip/xc16/v1.60/bin/bin/../../lib\liblega-c-elf.a(puts.XX_eo)
                  0x0005b8                  _puts
 .libc.prout      0x0005ce         0x1c c:/program files/microchip/xc16/v1.60/bin/bin/../../lib\liblega-c-elf.a(printf.XX_eo)
                  0x0005ce                  printf.XX_eo:_prout
 .libc.printf     0x0005ea         0x10 c:/program files/microchip/xc16/v1.60/bin/bin/../../lib\liblega-c-elf.a(printf.XX_eo)
                  0x0005ea                  _printf
 .libc.eprout     0x0005fa         0x1e c:/program files/microchip/xc16/v1.60/bin/bin/../../lib\liblega-c-elf.a(xprintf.XX_eo)
                  0x0005fa                  xprintf.XX_eo:_eprout
 .libc._ePrintf
                  0x000618        0x176 c:/program files/microchip/xc16/v1.60/bin/bin/../../lib\liblega-c-elf.a(xprintf.XX_eo)
                  0x000618                  __ePrintf
 .libc._Printf    0x00078e          0xa c:/program files/microchip/xc16/v1.60/bin/bin/../../lib\liblega-c-elf.a(xprintf.XX_eo)
                  0x00078e                  __Printf
 .libc._Putfld    0x000798        0x316 c:/program files/microchip/xc16/v1.60/bin/bin/../../lib\liblega-c-elf.a(xputfld.XX_eo)
                  0x000798                  __Putfld
 .libc.fputc      0x000aae         0x4e c:/program files/microchip/xc16/v1.60/bin/bin/../../lib\liblega-c-elf.a(fputc.XX_elo)
                  0x000aae                  _fputc
 .libc.strchr     0x000afc         0x1e c:/program files/microchip/xc16/v1.60/bin/bin/../../lib\liblega-c-elf.a(strchr.XX_elo)
                  0x000afc                  _strchr
 .libc._Vacopy    0x000b1a          0x4 c:/program files/microchip/xc16/v1.60/bin/bin/../../lib\liblega-c-elf.a(xvacopy.XX_elo)
                  0x000b1a                  __Vacopy
 .libc.eprout     0x000b1e         0x1a c:/program files/microchip/xc16/v1.60/bin/bin/../../lib\liblega-c-elf.a(sprintf_cdnopuxX.XXeo)
                  0x000b1e                  sprintf_cdnopuxX.XXeo:_eprout
 .libc.prout      0x000b38          0xe c:/program files/microchip/xc16/v1.60/bin/bin/../../lib\liblega-c-elf.a(sprintf_cdnopuxX.XXeo)
                  0x000b38                  sprintf_cdnopuxX.XXeo:_prout
 .libc._sprintf_cdnopuxX
                  0x000b46         0x20 c:/program files/microchip/xc16/v1.60/bin/bin/../../lib\liblega-c-elf.a(sprintf_cdnopuxX.XXeo)
                  0x000b46                  __sprintf_cdnopuxX
 .libc.eprout     0x000b66         0x1e c:/program files/microchip/xc16/v1.60/bin/bin/../../lib\liblega-c-elf.a(xprintf_cdnopuxX.XXeo)
                  0x000b66                  xprintf_cdnopuxX.XXeo:_eprout
 .libc.__ePrintf_cdnopuxX
                  0x000b84        0x176 c:/program files/microchip/xc16/v1.60/bin/bin/../../lib\liblega-c-elf.a(xprintf_cdnopuxX.XXeo)
                  0x000b84                  ___ePrintf_cdnopuxX
 .libc.__Printf_cdnopuxX
                  0x000cfa          0xa c:/program files/microchip/xc16/v1.60/bin/bin/../../lib\liblega-c-elf.a(xprintf_cdnopuxX.XXeo)
                  0x000cfa                  ___Printf_cdnopuxX
 .libc.prout      0x000d04         0x1c c:/program files/microchip/xc16/v1.60/bin/bin/../../lib\liblega-c-elf.a(printf_s.XXeo)
                  0x000d04                  printf_s.XXeo:_prout
 .libc._printf_s
                  0x000d20         0x10 c:/program files/microchip/xc16/v1.60/bin/bin/../../lib\liblega-c-elf.a(printf_s.XXeo)
                  0x000d20                  __printf_s
                  0x000d20                  __printf_0
 .libc.eprout     0x000d30         0x1e c:/program files/microchip/xc16/v1.60/bin/bin/../../lib\liblega-c-elf.a(xprintf_s.XXeo)
                  0x000d30                  xprintf_s.XXeo:_eprout
 .libc.__ePrintf_s
                  0x000d4e        0x176 c:/program files/microchip/xc16/v1.60/bin/bin/../../lib\liblega-c-elf.a(xprintf_s.XXeo)
                  0x000d4e                  ___ePrintf_s
 .libc.__Printf_s
                  0x000ec4          0xa c:/program files/microchip/xc16/v1.60/bin/bin/../../lib\liblega-c-elf.a(xprintf_s.XXeo)
                  0x000ec4                  ___Printf_s
 .libc._DNKfflush
                  0x000ece         0x76 c:/program files/microchip/xc16/v1.60/bin/bin/../../lib\liblega-c-elf.a(fflush.XX_eo)
                  0x000ece                  __DNKfflush
 .libc.fputs      0x000f44         0x90 c:/program files/microchip/xc16/v1.60/bin/bin/../../lib\liblega-c-elf.a(fputs.XX_eo)
                  0x000f44                  _fputs
 .libc.fwrite     0x000fd4         0xa8 c:/program files/microchip/xc16/v1.60/bin/bin/../../lib\liblega-c-elf.a(fwrite.XX_eo)
                  0x000fd4                  _fwrite
 .libc.memchr     0x00107c         0x14 c:/program files/microchip/xc16/v1.60/bin/bin/../../lib\liblega-c-elf.a(memchr.XX_eo)
                  0x00107c                  _memchr
 .libc.strlen     0x001090          0xc c:/program files/microchip/xc16/v1.60/bin/bin/../../lib\liblega-c-elf.a(strlen.XX_eo)
                  0x001090                  _strlen
 .libc.strrchr    0x00109c         0x14 c:/program files/microchip/xc16/v1.60/bin/bin/../../lib\liblega-c-elf.a(strrchr.XX_eo)
                  0x00109c                  _strrchr
 .libc._Fwprep    0x0010b0         0x8e c:/program files/microchip/xc16/v1.60/bin/bin/../../lib\liblega-c-elf.a(xfwprep.XX_eo)
                  0x0010b0                  __Fwprep
 .libc._Ldtob     0x00113e        0x3f2 c:/program files/microchip/xc16/v1.60/bin/bin/../../lib\liblega-c-elf.a(xldtob.XX_eo)
                  0x00113e                  __Ldtob
 .libc._LDunscale
                  0x001530         0x54 c:/program files/microchip/xc16/v1.60/bin/bin/../../lib\liblega-c-elf.a(xldunsca.XX_eo)
                  0x001530                  __LDunscale
 .libc._Litob     0x001584        0x25e c:/program files/microchip/xc16/v1.60/bin/bin/../../lib\liblega-c-elf.a(xlitob.XX_eo)
                  0x001584                  __Litob
 .libc._Puttxt    0x0017e2        0x1b4 c:/program files/microchip/xc16/v1.60/bin/bin/../../lib\liblega-c-elf.a(xputtxt.XX_eo)
                  0x0017e2                  __Puttxt
 .libc.efwrite    0x001996         0xd8 c:/program files/microchip/xc16/v1.60/bin/bin/../../lib\liblega-c-elf.a(efwrite.XX_eo)
                  0x001996                  _efwrite
 .libc.closeallreg
                  0x001a6e          0x4 c:/program files/microchip/xc16/v1.60/bin/bin/../../lib\liblega-c-elf.a(fclose.XX_elo)
 .libc._Closreg
                  0x001a72         0x12 c:/program files/microchip/xc16/v1.60/bin/bin/../../lib\liblega-c-elf.a(fclose.XX_elo)
                  0x001a72                  __Closreg
 .libc.fclose     0x001a84         0x90 c:/program files/microchip/xc16/v1.60/bin/bin/../../lib\liblega-c-elf.a(fclose.XX_elo)
                  0x001a84                  _fclose
 .libc.closeall
                  0x001b14         0x20 c:/program files/microchip/xc16/v1.60/bin/bin/../../lib\liblega-c-elf.a(fclose.XX_elo)
                  0x001b14                  fclose.XX_elo:_closeall
 .libc.ldiv       0x001b34         0x2a c:/program files/microchip/xc16/v1.60/bin/bin/../../lib\liblega-c-elf.a(ldiv.XX_elo)
                  0x001b34                  _ldiv
 .libc._Atexit    0x001b5e         0x18 c:/program files/microchip/xc16/v1.60/bin/bin/../../lib\liblega-c-elf.a(xatexit.XX_elo)
                  0x001b5e                  __Atexit
 .libc._Dnorm     0x001b76         0x98 c:/program files/microchip/xc16/v1.60/bin/bin/../../lib\liblega-c-elf.a(xdnorm.XX_elo)
                  0x001b76                  __Dnorm
 .libc._LDscale
                  0x001c0e         0xf6 c:/program files/microchip/xc16/v1.60/bin/bin/../../lib\liblega-c-elf.a(xldscale.XX_elo)
                  0x001c0e                  __LDscale
 .libc.free       0x001d04         0x64 c:/program files/microchip/xc16/v1.60/bin/bin/../../lib\liblega-c-elf.a(free.XX_eo)
                  0x001d04                  _free
 .libc.findmem    0x001d68         0x66 c:/program files/microchip/xc16/v1.60/bin/bin/../../lib\liblega-c-elf.a(malloc.XX_eo)
 .libc.malloc     0x001dce         0x54 c:/program files/microchip/xc16/v1.60/bin/bin/../../lib\liblega-c-elf.a(malloc.XX_eo)
                  0x001dce                  _malloc
 .libc._Genld     0x001e22        0x264 c:/program files/microchip/xc16/v1.60/bin/bin/../../lib\liblega-c-elf.a(xgenld.XX_eo)
                  0x001e22                  __Genld
 .libc._Getmem    0x002086         0x14 c:/program files/microchip/xc16/v1.60/bin/bin/../../lib\liblega-c-elf.a(xgetmem.XX_eo)
                  0x002086                  __Getmem
 .libc.div        0x00209a         0x16 c:/program files/microchip/xc16/v1.60/bin/bin/../../lib\liblega-c-elf.a(div.XX_elo)
                  0x00209a                  _div
 .libc.doclose    0x0020b0          0x4 c:/program files/microchip/xc16/v1.60/bin/bin/../../lib\liblega-pic30-elf.a(close.Leo)
 .libc.dowrite    0x0020b4          0x4 c:/program files/microchip/xc16/v1.60/bin/bin/../../lib\liblega-pic30-elf.a(write.Leo)
 .libc.doremove
                  0x0020b8          0x4 c:/program files/microchip/xc16/v1.60/bin/bin/../../lib\liblega-pic30-elf.a(remove.Leo)
 .libc.memcpy_eds
                  0x0020bc         0x3a c:/program files/microchip/xc16/v1.60/bin/bin/../../lib\liblega-pic30-elf.a(memcpy_eds.Leo)
                  0x0020bc                  __memcpy_eds_3
                  0x0020bc                  __memcpy_eds
 .libc._memchr_eds
                  0x0020f6         0x36 c:/program files/microchip/xc16/v1.60/bin/bin/../../lib\liblega-pic30-elf.a(memchr_eds.Leo)
                  0x0020f6                  __memchr_eds
 .libm.eqdf2      0x00212c          0xa c:/program files/microchip/xc16/v1.60/bin/bin/../../lib\libfastm-elf.a(deqltle.eo)
                  0x00212c                  ___eqdf2
                  0x00212c                  ___ltdf2
                  0x00212c                  ___ledf2
 .libm.gtdf2      0x002136          0xa c:/program files/microchip/xc16/v1.60/bin/bin/../../lib\libfastm-elf.a(dgtge.eo)
                  0x002136                  ___gtdf2
                  0x002136                  ___gedf2
 .libm.divsi3     0x002140         0x1e c:/program files/microchip/xc16/v1.60/bin/bin/../../lib\libfastm-elf.a(divsi3.eo)
                  0x002140                  ___divsi3
 .libm.extendsfdf2
                  0x00215e         0x3e c:/program files/microchip/xc16/v1.60/bin/bin/../../lib\libfastm-elf.a(extendsfdf.eo)
                  0x00215e                  ___extendsfdf2
 .libm.fixdfsi    0x00219c         0x58 c:/program files/microchip/xc16/v1.60/bin/bin/../../lib\libfastm-elf.a(fixdfsi.eo)
                  0x00219c                  _(float, int, long long, double, float, short, int)
 .libm.floatsidf
                  0x0021f4          0x6 c:/program files/microchip/xc16/v1.60/bin/bin/../../lib\libfastm-elf.a(floatsidf.eo)
                  0x0021f4                  ___floatsidf
 .libm.funpack    0x0021fa         0x2a c:/program files/microchip/xc16/v1.60/bin/bin/../../lib\libfastm-elf.a(funpack.eo)
                  0x0021fa                  __funpack
 .libm.mulsi3     0x002224          0xc c:/program files/microchip/xc16/v1.60/bin/bin/../../lib\libfastm-elf.a(mulsi3.eo)
                  0x002224                  ___mulp32peds3
                  0x002224                  ___mulsi3
                  0x002224                  ___mulp32eds3
 .libm.__PplusBdi
                  0x002230         0x26 c:/program files/microchip/xc16/v1.60/bin/bin/../../lib\libfastm-elf.a(divmoddi3.eo)
 .libm.__PminusBdi
                  0x002256         0x26 c:/program files/microchip/xc16/v1.60/bin/bin/../../lib\libfastm-elf.a(divmoddi3.eo)
 .libm.__udivmoddi3
                  0x00227c         0xe6 c:/program files/microchip/xc16/v1.60/bin/bin/../../lib\libfastm-elf.a(divmoddi3.eo)
                  0x00227c                  ___udivmoddi3
 .libm.__udivdi3
                  0x002362          0xe c:/program files/microchip/xc16/v1.60/bin/bin/../../lib\libfastm-elf.a(divmoddi3.eo)
                  0x002362                  ___udivdi3
 .libm.__umoddi3
                  0x002370          0x8 c:/program files/microchip/xc16/v1.60/bin/bin/../../lib\libfastm-elf.a(divmoddi3.eo)
                  0x002370                  ___umoddi3
 .libm.__divdi3
                  0x002378         0x60 c:/program files/microchip/xc16/v1.60/bin/bin/../../lib\libfastm-elf.a(divmoddi3.eo)
                  0x002378                  ___divdi3
 .libm.__moddi3
                  0x0023d8         0x5c c:/program files/microchip/xc16/v1.60/bin/bin/../../lib\libfastm-elf.a(divmoddi3.eo)
                  0x0023d8                  ___moddi3
 .libmx           0x002434         0xda c:/program files/microchip/xc16/v1.60/bin/bin/../../lib\libfastm-elf.a(udivsi3x.eo)
                  0x002434                  ___udivsi3
                  0x002434                  ___udivsi3x
 .libmx           0x00250e          0x6 c:/program files/microchip/xc16/v1.60/bin/bin/../../lib\libfastm-elf.a(umodsi3x.eo)
                  0x00250e                  ___umodsi3x
                  0x00250e                  ___umodsi3
 .lib_dpfops      0x002514         0xa2 c:/program files/microchip/xc16/v1.60/bin/bin/../../lib\libfastm-elf.a(dpadd.eo)
                  0x002514                  ___subdf3
                  0x002520                  ___adddf3
 .lib_dpfops      0x0025b6        0x15e c:/program files/microchip/xc16/v1.60/bin/bin/../../lib\libfastm-elf.a(dpdiv.eo)
                  0x0025b6                  ___divdf3
 .lib_dpfops      0x002714        0x11a c:/program files/microchip/xc16/v1.60/bin/bin/../../lib\libfastm-elf.a(dpmul.eo)
                  0x002714                  ___muldf3
 .lib_dpfops      0x00282e        0x128 c:/program files/microchip/xc16/v1.60/bin/bin/../../lib\libfastm-elf.a(dpsubs.eo)
                  0x002848                  __dxchg
                  0x002856                  __drshft
                  0x0028b0                  __dupchk
                  0x002912                  __drndex
                  0x00291c                  __dnsrnd
                  0x002948                  __dpakex
 .libm.dcompare
                  0x002956         0x52 c:/program files/microchip/xc16/v1.60/bin/bin/../../lib\libfastm-elf.a(dcompare.eo)
                  0x002956                  __dcompare
 .libm.dtype      0x0029a8         0x24 c:/program files/microchip/xc16/v1.60/bin/bin/../../lib\libfastm-elf.a(dtype.eo)
                  0x0029a8                  __dtype
 .libm.dunpack    0x0029cc         0x4e c:/program files/microchip/xc16/v1.60/bin/bin/../../lib\libfastm-elf.a(dunpack.eo)
                  0x0029cc                  __dunpack
 .libm.dunpack2
                  0x002a1a         0x32 c:/program files/microchip/xc16/v1.60/bin/bin/../../lib\libfastm-elf.a(dunpack2.eo)
                  0x002a1a                  __dunpack2
                  0x002a3c                  __dreturnNaN
                  0x002a42                  __dunpack2exit
 .libm.floatdidf
                  0x002a4c         0x20 c:/program files/microchip/xc16/v1.60/bin/bin/../../lib\libfastm-elf.a(floatdidf.eo)
                  0x002a4c                  ___floatdidf
 .libm.floatundidf
                  0x002a6c         0x56 c:/program files/microchip/xc16/v1.60/bin/bin/../../lib\libfastm-elf.a(floatundidf.eo)
                  0x002a6c                  ___floatundidf
 .libm.dpack      0x002ac2         0x58 c:/program files/microchip/xc16/v1.60/bin/bin/../../lib\libfastm-elf.a(dpack.eo)
                  0x002ac2                  __dpack
 .libm.dPropagateNaN
                  0x002b1a         0x1c c:/program files/microchip/xc16/v1.60/bin/bin/../../lib\libfastm-elf.a(dpropagateNaN.eo)
                  0x002b1a                  __dPropagateNaN
 .libc.__Putfld_cdnopsuxX
                  0x002b36        0x294 c:/program files/microchip/xc16/v1.60/bin/bin/../../lib\liblega-c-elf.a(xputfld_cdnopsuxX.XXeo)
                  0x002b36                  ___Putfld_cdnopuxX
                  0x002b36                  ___Putfld_cdnopsuxX
                  0x002b36                  ___Putfld_s

usercode
 *(usercode)

__CONFIG3
 *(__CONFIG3.sec*)

__CONFIG2
 *(__CONFIG2.sec*)

__CONFIG1
 *(__CONFIG1.sec*)

.comment          0x000000         0x5e
 *(.comment)
 .comment         0x000000         0x5e c:/program files/microchip/xc16/v1.60/bin/bin/../../lib\liblega-c-elf.a(xfiles.XX_eo)

.debug_info       0x000000      0x24b0c
 *(.debug_info)
 .debug_info      0x000000        0x4c9 build/default/production/src/delay.o
 .debug_info      0x0004c9        0x7e5 build/default/production/src/i2c.o
 .debug_info      0x000cae       0x237d build/default/production/src/main.o
 .debug_info      0x00302b        0xf87 build/default/production/src/uart.o
 .debug_info      0x003fb2        0xc96 build/default/production/src/timer.o
 .debug_info      0x004c48        0x353 build/default/production/src/key.o
 .debug_info      0x004f9b        0x1aa build/default/production/src/sta311b.o
 .debug_info      0x005145        0x578 build/default/production/src/adc.o
 .debug_info      0x0056bd       0x10cc build/default/production/src/irmp.o
 .debug_info      0x006789       0x1163 build/default/production/u8g2/u8g2_bitmap.o
 .debug_info      0x0078ec       0x1062 build/default/production/u8g2/u8g2_box.o
 .debug_info      0x00894e       0x1114 build/default/production/u8g2/u8g2_buffer.o
 .debug_info      0x009a62       0x154f build/default/production/u8g2/u8g2_circle.o
 .debug_info      0x00afb1        0xe35 build/default/production/u8g2/u8g2_cleardisplay.o
 .debug_info      0x00bde6        0x238 build/default/production/u8g2/u8g2_d_memory.o
 .debug_info      0x00c01e       0x17bb build/default/production/u8g2/u8g2_d_setup.o
 .debug_info      0x00d7d9       0x21d5 build/default/production/u8g2/u8g2_font.o
 .debug_info      0x00f9ae       0x1088 build/default/production/u8g2/u8g2_hvline.o
 .debug_info      0x010a36        0xf4c build/default/production/u8g2/u8g2_input_value.o
 .debug_info      0x011982        0xede build/default/production/u8g2/u8g2_intersection.o
 .debug_info      0x012860        0xffa build/default/production/u8g2/u8g2_kerning.o
 .debug_info      0x01385a        0xede build/default/production/u8g2/u8g2_line.o
 .debug_info      0x014738        0xf9b build/default/production/u8g2/u8g2_ll_hvline.o
 .debug_info      0x0156d3        0xfe3 build/default/production/u8g2/u8g2_message.o
 .debug_info      0x0166b6       0x1528 build/default/production/u8g2/u8g2_polygon.o
 .debug_info      0x017bde       0x121c build/default/production/u8g2/u8g2_selection_list.o
 .debug_info      0x018dfa       0x1558 build/default/production/u8g2/u8g2_setup.o
 .debug_info      0x01a352        0x791 build/default/production/u8g2/u8log.o
 .debug_info      0x01aae3       0x1074 build/default/production/u8g2/u8log_u8g2.o
 .debug_info      0x01bb57        0x90f build/default/production/u8g2/u8log_u8x8.o
 .debug_info      0x01c466        0xfd4 build/default/production/u8g2/u8x8_8x8.o
 .debug_info      0x01d43a        0xea0 build/default/production/u8g2/u8x8_byte.o
 .debug_info      0x01e2da        0xea8 build/default/production/u8g2/u8x8_cad.o
 .debug_info      0x01f182        0x73f build/default/production/u8g2/u8x8_debounce.o
 .debug_info      0x01f8c1        0xa5a build/default/production/u8g2/u8x8_display.o
 .debug_info      0x02031b        0x67a build/default/production/u8g2/u8x8_gpio.o
 .debug_info      0x020995        0x767 build/default/production/u8g2/u8x8_input_value.o
 .debug_info      0x0210fc        0x7cf build/default/production/u8g2/u8x8_message.o
 .debug_info      0x0218cb        0x913 build/default/production/u8g2/u8x8_selection_list.o
 .debug_info      0x0221de        0x7b2 build/default/production/u8g2/u8x8_setup.o
 .debug_info      0x022990        0x876 build/default/production/u8g2/u8x8_string.o
 .debug_info      0x023206        0x21c build/default/production/u8g2/u8x8_u16toa.o
 .debug_info      0x023422        0x23e build/default/production/u8g2/u8x8_u8toa.o
 .debug_info      0x023660        0xc69 build/default/production/u8g2/u8x8_d_ssd1306_128x64_noname.o
 .debug_info      0x0242c9        0x843 build/default/production/u8g2/u8g2_fonts.o
 *(.gnu.linkonce.wi.*)

.debug_abbrev     0x000000       0x3280
 *(.debug_abbrev)
 .debug_abbrev    0x000000         0xeb build/default/production/src/delay.o
 .debug_abbrev    0x0000eb        0x131 build/default/production/src/i2c.o
 .debug_abbrev    0x00021c        0x211 build/default/production/src/main.o
 .debug_abbrev    0x00042d        0x163 build/default/production/src/uart.o
 .debug_abbrev    0x000590        0x109 build/default/production/src/timer.o
 .debug_abbrev    0x000699         0xac build/default/production/src/key.o
 .debug_abbrev    0x000745         0x7a build/default/production/src/sta311b.o
 .debug_abbrev    0x0007bf        0x147 build/default/production/src/adc.o
 .debug_abbrev    0x000906        0x173 build/default/production/src/irmp.o
 .debug_abbrev    0x000a79        0x12d build/default/production/u8g2/u8g2_bitmap.o
 .debug_abbrev    0x000ba6        0x123 build/default/production/u8g2/u8g2_box.o
 .debug_abbrev    0x000cc9        0x14c build/default/production/u8g2/u8g2_buffer.o
 .debug_abbrev    0x000e15        0x18c build/default/production/u8g2/u8g2_circle.o
 .debug_abbrev    0x000fa1         0xe9 build/default/production/u8g2/u8g2_cleardisplay.o
 .debug_abbrev    0x00108a         0x8e build/default/production/u8g2/u8g2_d_memory.o
 .debug_abbrev    0x001118        0x11e build/default/production/u8g2/u8g2_d_setup.o
 .debug_abbrev    0x001236        0x1fe build/default/production/u8g2/u8g2_font.o
 .debug_abbrev    0x001434        0x135 build/default/production/u8g2/u8g2_hvline.o
 .debug_abbrev    0x001569        0x10b build/default/production/u8g2/u8g2_input_value.o
 .debug_abbrev    0x001674        0x104 build/default/production/u8g2/u8g2_intersection.o
 .debug_abbrev    0x001778        0x113 build/default/production/u8g2/u8g2_kerning.o
 .debug_abbrev    0x00188b         0xf8 build/default/production/u8g2/u8g2_line.o
 .debug_abbrev    0x001983        0x11e build/default/production/u8g2/u8g2_ll_hvline.o
 .debug_abbrev    0x001aa1        0x122 build/default/production/u8g2/u8g2_message.o
 .debug_abbrev    0x001bc3        0x1c0 build/default/production/u8g2/u8g2_polygon.o
 .debug_abbrev    0x001d83        0x15f build/default/production/u8g2/u8g2_selection_list.o
 .debug_abbrev    0x001ee2        0x194 build/default/production/u8g2/u8g2_setup.o
 .debug_abbrev    0x002076        0x119 build/default/production/u8g2/u8log.o
 .debug_abbrev    0x00218f        0x10f build/default/production/u8g2/u8log_u8g2.o
 .debug_abbrev    0x00229e        0x106 build/default/production/u8g2/u8log_u8x8.o
 .debug_abbrev    0x0023a4        0x1af build/default/production/u8g2/u8x8_8x8.o
 .debug_abbrev    0x002553        0x17e build/default/production/u8g2/u8x8_byte.o
 .debug_abbrev    0x0026d1        0x186 build/default/production/u8g2/u8x8_cad.o
 .debug_abbrev    0x002857         0xec build/default/production/u8g2/u8x8_debounce.o
 .debug_abbrev    0x002943        0x133 build/default/production/u8g2/u8x8_display.o
 .debug_abbrev    0x002a76         0xb5 build/default/production/u8g2/u8x8_gpio.o
 .debug_abbrev    0x002b2b         0xc8 build/default/production/u8g2/u8x8_input_value.o
 .debug_abbrev    0x002bf3         0xdf build/default/production/u8g2/u8x8_message.o
 .debug_abbrev    0x002cd2         0xf8 build/default/production/u8g2/u8x8_selection_list.o
 .debug_abbrev    0x002dca         0xfd build/default/production/u8g2/u8x8_setup.o
 .debug_abbrev    0x002ec7        0x114 build/default/production/u8g2/u8x8_string.o
 .debug_abbrev    0x002fdb         0x83 build/default/production/u8g2/u8x8_u16toa.o
 .debug_abbrev    0x00305e         0x85 build/default/production/u8g2/u8x8_u8toa.o
 .debug_abbrev    0x0030e3        0x12d build/default/production/u8g2/u8x8_d_ssd1306_128x64_noname.o
 .debug_abbrev    0x003210         0x70 build/default/production/u8g2/u8g2_fonts.o

.debug_line       0x000000       0x3337
 *(.debug_line)
 .debug_line      0x000000        0x11d build/default/production/src/delay.o
 .debug_line      0x00011d        0x153 build/default/production/src/i2c.o
 .debug_line      0x000270        0x252 build/default/production/src/main.o
 .debug_line      0x0004c2        0x165 build/default/production/src/uart.o
 .debug_line      0x000627        0x14f build/default/production/src/timer.o
 .debug_line      0x000776        0x11a build/default/production/src/key.o
 .debug_line      0x000890         0xb7 build/default/production/src/sta311b.o
 .debug_line      0x000947        0x122 build/default/production/src/adc.o
 .debug_line      0x000a69        0x2c4 build/default/production/src/irmp.o
 .debug_line      0x000d2d        0x129 build/default/production/u8g2/u8g2_bitmap.o
 .debug_line      0x000e56        0x10f build/default/production/u8g2/u8g2_box.o
 .debug_line      0x000f65        0x104 build/default/production/u8g2/u8g2_buffer.o
 .debug_line      0x001069        0x1bf build/default/production/u8g2/u8g2_circle.o
 .debug_line      0x001228         0xae build/default/production/u8g2/u8g2_cleardisplay.o
 .debug_line      0x0012d6         0x9b build/default/production/u8g2/u8g2_d_memory.o
 .debug_line      0x001371         0xfa build/default/production/u8g2/u8g2_d_setup.o
 .debug_line      0x00146b        0x318 build/default/production/u8g2/u8g2_font.o
 .debug_line      0x001783         0xfa build/default/production/u8g2/u8g2_hvline.o
 .debug_line      0x00187d         0xe0 build/default/production/u8g2/u8g2_input_value.o
 .debug_line      0x00195d         0xbb build/default/production/u8g2/u8g2_intersection.o
 .debug_line      0x001a18         0xc4 build/default/production/u8g2/u8g2_kerning.o
 .debug_line      0x001adc         0xc1 build/default/production/u8g2/u8g2_line.o
 .debug_line      0x001b9d         0xf0 build/default/production/u8g2/u8g2_ll_hvline.o
 .debug_line      0x001c8d         0xfb build/default/production/u8g2/u8g2_message.o
 .debug_line      0x001d88        0x153 build/default/production/u8g2/u8g2_polygon.o
 .debug_line      0x001edb        0x125 build/default/production/u8g2/u8g2_selection_list.o
 .debug_line      0x002000        0x158 build/default/production/u8g2/u8g2_setup.o
 .debug_line      0x002158        0x10e build/default/production/u8g2/u8log.o
 .debug_line      0x002266         0xbc build/default/production/u8g2/u8log_u8g2.o
 .debug_line      0x002322         0xac build/default/production/u8g2/u8log_u8x8.o
 .debug_line      0x0023ce        0x1af build/default/production/u8g2/u8x8_8x8.o
 .debug_line      0x00257d        0x208 build/default/production/u8g2/u8x8_byte.o
 .debug_line      0x002785        0x21f build/default/production/u8g2/u8x8_cad.o
 .debug_line      0x0029a4         0xd8 build/default/production/u8g2/u8x8_debounce.o
 .debug_line      0x002a7c         0xdc build/default/production/u8g2/u8x8_display.o
 .debug_line      0x002b58         0x98 build/default/production/u8g2/u8x8_gpio.o
 .debug_line      0x002bf0         0xd7 build/default/production/u8g2/u8x8_input_value.o
 .debug_line      0x002cc7         0xf0 build/default/production/u8g2/u8x8_message.o
 .debug_line      0x002db7         0xed build/default/production/u8g2/u8x8_selection_list.o
 .debug_line      0x002ea4         0xbe build/default/production/u8g2/u8x8_setup.o
 .debug_line      0x002f62         0xf4 build/default/production/u8g2/u8x8_string.o
 .debug_line      0x003056         0xa3 build/default/production/u8g2/u8x8_u16toa.o
 .debug_line      0x0030f9         0xa1 build/default/production/u8g2/u8x8_u8toa.o
 .debug_line      0x00319a        0x11f build/default/production/u8g2/u8x8_d_ssd1306_128x64_noname.o
 .debug_line      0x0032b9         0x7e build/default/production/u8g2/u8g2_fonts.o

.debug_frame      0x000000       0x26f2
 *(.debug_frame)
 .debug_frame     0x000000         0x62 build/default/production/src/delay.o
 .debug_frame     0x000062        0x14c build/default/production/src/i2c.o
 .debug_frame     0x0001ae        0x166 build/default/production/src/main.o
 .debug_frame     0x000314         0xca build/default/production/src/uart.o
 .debug_frame     0x0003de         0xb8 build/default/production/src/timer.o
 .debug_frame     0x000496         0x50 build/default/production/src/key.o
 .debug_frame     0x0004e6         0x62 build/default/production/src/sta311b.o
 .debug_frame     0x000548         0x48 build/default/production/src/adc.o
 .debug_frame     0x000590         0x7c build/default/production/src/irmp.o
 .debug_frame     0x00060c         0xca build/default/production/u8g2/u8g2_bitmap.o
 .debug_frame     0x0006d6         0x7c build/default/production/u8g2/u8g2_box.o
 .debug_frame     0x000752         0xfe build/default/production/u8g2/u8g2_buffer.o
 .debug_frame     0x000850        0x14c build/default/production/u8g2/u8g2_circle.o
 .debug_frame     0x00099c         0x2e build/default/production/u8g2/u8g2_cleardisplay.o
 .debug_frame     0x0009ca         0x62 build/default/production/u8g2/u8g2_d_memory.o
 .debug_frame     0x000a2c        0x1e8 build/default/production/u8g2/u8g2_d_setup.o
 .debug_frame     0x000c14        0x528 build/default/production/u8g2/u8g2_font.o
 .debug_frame     0x00113c         0xca build/default/production/u8g2/u8g2_hvline.o
 .debug_frame     0x001206         0x2e build/default/production/u8g2/u8g2_input_value.o
 .debug_frame     0x001234         0x48 build/default/production/u8g2/u8g2_intersection.o
 .debug_frame     0x00127c         0x48 build/default/production/u8g2/u8g2_kerning.o
 .debug_frame     0x0012c4         0x2e build/default/production/u8g2/u8g2_line.o
 .debug_frame     0x0012f2         0x48 build/default/production/u8g2/u8g2_ll_hvline.o
 .debug_frame     0x00133a         0x48 build/default/production/u8g2/u8g2_message.o
 .debug_frame     0x001382        0x1b4 build/default/production/u8g2/u8g2_polygon.o
 .debug_frame     0x001536         0x96 build/default/production/u8g2/u8g2_selection_list.o
 .debug_frame     0x0015cc        0x21c build/default/production/u8g2/u8g2_setup.o
 .debug_frame     0x0017e8        0x1ce build/default/production/u8g2/u8log.o
 .debug_frame     0x0019b6         0x48 build/default/production/u8g2/u8log_u8g2.o
 .debug_frame     0x0019fe         0x62 build/default/production/u8g2/u8log_u8x8.o
 .debug_frame     0x001a60        0x250 build/default/production/u8g2/u8x8_8x8.o
 .debug_frame     0x001cb0        0x29e build/default/production/u8g2/u8x8_byte.o
 .debug_frame     0x001f4e        0x236 build/default/production/u8g2/u8x8_cad.o
 .debug_frame     0x002184         0x62 build/default/production/u8g2/u8x8_debounce.o
 .debug_frame     0x0021e6        0x166 build/default/production/u8g2/u8x8_display.o
 .debug_frame     0x00234c         0x2e build/default/production/u8g2/u8x8_gpio.o
 .debug_frame     0x00237a         0x2e build/default/production/u8g2/u8x8_input_value.o
 .debug_frame     0x0023a8         0x48 build/default/production/u8g2/u8x8_message.o
 .debug_frame     0x0023f0         0x96 build/default/production/u8g2/u8x8_selection_list.o
 .debug_frame     0x002486         0x7c build/default/production/u8g2/u8x8_setup.o
 .debug_frame     0x002502         0x96 build/default/production/u8g2/u8x8_string.o
 .debug_frame     0x002598         0x48 build/default/production/u8g2/u8x8_u16toa.o
 .debug_frame     0x0025e0         0x48 build/default/production/u8g2/u8x8_u8toa.o
 .debug_frame     0x002628         0xca build/default/production/u8g2/u8x8_d_ssd1306_128x64_noname.o

.debug_str        0x000000        0x5fe
 *(.debug_str)
 .debug_str       0x000000         0x13 build/default/production/src/delay.o
 .debug_str       0x000013         0x22 build/default/production/src/i2c.o
 .debug_str       0x000035        0x1d3 build/default/production/src/main.o
 .debug_str       0x000208         0x50 build/default/production/src/uart.o
 .debug_str       0x000258         0x59 build/default/production/src/timer.o
 .debug_str       0x0002b1          0xa build/default/production/src/key.o
 .debug_str       0x0002bb         0x27 build/default/production/src/adc.o
 .debug_str       0x0002e2         0x13 build/default/production/src/irmp.o
 .debug_str       0x0002f5         0x2b build/default/production/u8g2/u8g2_bitmap.o
 .debug_str       0x000320          0x9 build/default/production/u8g2/u8g2_box.o
 .debug_str       0x000329          0xe build/default/production/u8g2/u8g2_buffer.o
 .debug_str       0x000337         0x15 build/default/production/u8g2/u8g2_circle.o
 .debug_str       0x00034c          0x9 build/default/production/u8g2/u8g2_cleardisplay.o
 .debug_str       0x000355          0x9 build/default/production/u8g2/u8g2_d_memory.o
 .debug_str       0x00035e         0x41 build/default/production/u8g2/u8g2_d_setup.o
 .debug_str       0x00039f         0x5a build/default/production/u8g2/u8g2_font.o
 .debug_str       0x0003f9          0xe build/default/production/u8g2/u8g2_hvline.o
 .debug_str       0x000407         0x22 build/default/production/u8g2/u8g2_input_value.o
 .debug_str       0x000429          0x9 build/default/production/u8g2/u8g2_intersection.o
 .debug_str       0x000432          0x9 build/default/production/u8g2/u8g2_kerning.o
 .debug_str       0x00043b          0x9 build/default/production/u8g2/u8g2_line.o
 .debug_str       0x000444         0x14 build/default/production/u8g2/u8g2_ll_hvline.o
 .debug_str       0x000458         0x16 build/default/production/u8g2/u8g2_message.o
 .debug_str       0x00046e          0xe build/default/production/u8g2/u8g2_polygon.o
 .debug_str       0x00047c         0x2b build/default/production/u8g2/u8g2_selection_list.o
 .debug_str       0x0004a7         0x3d build/default/production/u8g2/u8g2_setup.o
 .debug_str       0x0004e4         0x3f build/default/production/u8g2/u8log.o
 .debug_str       0x000523          0x9 build/default/production/u8g2/u8log_u8g2.o
 .debug_str       0x00052c          0xe build/default/production/u8g2/u8x8_8x8.o
 .debug_str       0x00053a         0x3a build/default/production/u8g2/u8x8_byte.o
 .debug_str       0x000574         0x21 build/default/production/u8g2/u8x8_cad.o
 .debug_str       0x000595          0xa build/default/production/u8g2/u8x8_debounce.o
 .debug_str       0x00059f         0x1b build/default/production/u8g2/u8x8_display.o
 .debug_str       0x0005ba         0x1d build/default/production/u8g2/u8x8_setup.o
 .debug_str       0x0005d7         0x12 build/default/production/u8g2/u8x8_string.o
 .debug_str       0x0005e9         0x15 build/default/production/u8g2/u8x8_d_ssd1306_128x64_noname.o

.debug_loc
 *(.debug_loc)

.debug_macinfo
 *(.debug_macinfo)

.debug_pubnames
                  0x000000       0x228e
 *(.debug_pubnames)
 .debug_pubnames
                  0x000000         0x3b build/default/production/src/delay.o
 .debug_pubnames
                  0x00003b         0xd8 build/default/production/src/i2c.o
 .debug_pubnames
                  0x000113        0x222 build/default/production/src/main.o
 .debug_pubnames
                  0x000335         0x79 build/default/production/src/uart.o
 .debug_pubnames
                  0x0003ae         0x7b build/default/production/src/timer.o
 .debug_pubnames
                  0x000429         0x47 build/default/production/src/key.o
 .debug_pubnames
                  0x000470         0x55 build/default/production/src/sta311b.o
 .debug_pubnames
                  0x0004c5         0x48 build/default/production/src/adc.o
 .debug_pubnames
                  0x00050d         0x57 build/default/production/src/irmp.o
 .debug_pubnames
                  0x000564         0xa3 build/default/production/u8g2/u8g2_bitmap.o
 .debug_pubnames
                  0x000607         0x5c build/default/production/u8g2/u8g2_box.o
 .debug_pubnames
                  0x000663         0xb0 build/default/production/u8g2/u8g2_buffer.o
 .debug_pubnames
                  0x000713         0x68 build/default/production/u8g2/u8g2_circle.o
 .debug_pubnames
                  0x00077b         0x28 build/default/production/u8g2/u8g2_cleardisplay.o
 .debug_pubnames
                  0x0007a3         0x48 build/default/production/u8g2/u8g2_d_memory.o
 .debug_pubnames
                  0x0007eb        0x2e8 build/default/production/u8g2/u8g2_d_setup.o
 .debug_pubnames
                  0x000ad3        0x3f1 build/default/production/u8g2/u8g2_font.o
 .debug_pubnames
                  0x000ec4         0x90 build/default/production/u8g2/u8g2_hvline.o
 .debug_pubnames
                  0x000f54         0x33 build/default/production/u8g2/u8g2_input_value.o
 .debug_pubnames
                  0x000f87         0x51 build/default/production/u8g2/u8g2_intersection.o
 .debug_pubnames
                  0x000fd8         0x41 build/default/production/u8g2/u8g2_kerning.o
 .debug_pubnames
                  0x001019         0x24 build/default/production/u8g2/u8g2_line.o
 .debug_pubnames
                  0x00103d         0x5e build/default/production/u8g2/u8g2_ll_hvline.o
 .debug_pubnames
                  0x00109b         0x4a build/default/production/u8g2/u8g2_message.o
 .debug_pubnames
                  0x0010e5         0x77 build/default/production/u8g2/u8g2_polygon.o
 .debug_pubnames
                  0x00115c         0x7e build/default/production/u8g2/u8g2_selection_list.o
 .debug_pubnames
                  0x0011da        0x22c build/default/production/u8g2/u8g2_setup.o
 .debug_pubnames
                  0x001406        0x113 build/default/production/u8g2/u8log.o
 .debug_pubnames
                  0x001519         0x35 build/default/production/u8g2/u8log_u8g2.o
 .debug_pubnames
                  0x00154e         0x35 build/default/production/u8g2/u8log_u8x8.o
 .debug_pubnames
                  0x001583        0x144 build/default/production/u8g2/u8x8_8x8.o
 .debug_pubnames
                  0x0016c7        0x169 build/default/production/u8g2/u8x8_byte.o
 .debug_pubnames
                  0x001830        0x1cf build/default/production/u8g2/u8x8_cad.o
 .debug_pubnames
                  0x0019ff         0x28 build/default/production/u8g2/u8x8_debounce.o
 .debug_pubnames
                  0x001a27        0x148 build/default/production/u8g2/u8x8_display.o
 .debug_pubnames
                  0x001b6f         0x25 build/default/production/u8g2/u8x8_gpio.o
 .debug_pubnames
                  0x001b94         0x33 build/default/production/u8g2/u8x8_input_value.o
 .debug_pubnames
                  0x001bc7         0x4a build/default/production/u8g2/u8x8_message.o
 .debug_pubnames
                  0x001c11         0x88 build/default/production/u8g2/u8x8_selection_list.o
 .debug_pubnames
                  0x001c99         0x5d build/default/production/u8g2/u8x8_setup.o
 .debug_pubnames
                  0x001cf6         0x8d build/default/production/u8g2/u8x8_string.o
 .debug_pubnames
                  0x001d83         0x33 build/default/production/u8g2/u8x8_u16toa.o
 .debug_pubnames
                  0x001db6         0x31 build/default/production/u8g2/u8x8_u8toa.o
 .debug_pubnames
                  0x001de7         0xd4 build/default/production/u8g2/u8x8_d_ssd1306_128x64_noname.o
 .debug_pubnames
                  0x001ebb        0x3d3 build/default/production/u8g2/u8g2_fonts.o

.debug_ranges
 *(.debug_ranges)

.debug_aranges    0x000000        0x420
 *(.debug_aranges)
 .debug_aranges
                  0x000000         0x18 build/default/production/src/delay.o
 .debug_aranges
                  0x000018         0x18 build/default/production/src/i2c.o
 .debug_aranges
                  0x000030         0x18 build/default/production/src/main.o
 .debug_aranges
                  0x000048         0x18 build/default/production/src/uart.o
 .debug_aranges
                  0x000060         0x18 build/default/production/src/timer.o
 .debug_aranges
                  0x000078         0x18 build/default/production/src/key.o
 .debug_aranges
                  0x000090         0x18 build/default/production/src/sta311b.o
 .debug_aranges
                  0x0000a8         0x18 build/default/production/src/adc.o
 .debug_aranges
                  0x0000c0         0x18 build/default/production/src/irmp.o
 .debug_aranges
                  0x0000d8         0x18 build/default/production/u8g2/u8g2_bitmap.o
 .debug_aranges
                  0x0000f0         0x18 build/default/production/u8g2/u8g2_box.o
 .debug_aranges
                  0x000108         0x18 build/default/production/u8g2/u8g2_buffer.o
 .debug_aranges
                  0x000120         0x18 build/default/production/u8g2/u8g2_circle.o
 .debug_aranges
                  0x000138         0x18 build/default/production/u8g2/u8g2_cleardisplay.o
 .debug_aranges
                  0x000150         0x18 build/default/production/u8g2/u8g2_d_memory.o
 .debug_aranges
                  0x000168         0x18 build/default/production/u8g2/u8g2_d_setup.o
 .debug_aranges
                  0x000180         0x18 build/default/production/u8g2/u8g2_font.o
 .debug_aranges
                  0x000198         0x18 build/default/production/u8g2/u8g2_hvline.o
 .debug_aranges
                  0x0001b0         0x18 build/default/production/u8g2/u8g2_input_value.o
 .debug_aranges
                  0x0001c8         0x18 build/default/production/u8g2/u8g2_intersection.o
 .debug_aranges
                  0x0001e0         0x18 build/default/production/u8g2/u8g2_kerning.o
 .debug_aranges
                  0x0001f8         0x18 build/default/production/u8g2/u8g2_line.o
 .debug_aranges
                  0x000210         0x18 build/default/production/u8g2/u8g2_ll_hvline.o
 .debug_aranges
                  0x000228         0x18 build/default/production/u8g2/u8g2_message.o
 .debug_aranges
                  0x000240         0x18 build/default/production/u8g2/u8g2_polygon.o
 .debug_aranges
                  0x000258         0x18 build/default/production/u8g2/u8g2_selection_list.o
 .debug_aranges
                  0x000270         0x18 build/default/production/u8g2/u8g2_setup.o
 .debug_aranges
                  0x000288         0x18 build/default/production/u8g2/u8log.o
 .debug_aranges
                  0x0002a0         0x18 build/default/production/u8g2/u8log_u8g2.o
 .debug_aranges
                  0x0002b8         0x18 build/default/production/u8g2/u8log_u8x8.o
 .debug_aranges
                  0x0002d0         0x18 build/default/production/u8g2/u8x8_8x8.o
 .debug_aranges
                  0x0002e8         0x18 build/default/production/u8g2/u8x8_byte.o
 .debug_aranges
                  0x000300         0x18 build/default/production/u8g2/u8x8_cad.o
 .debug_aranges
                  0x000318         0x18 build/default/production/u8g2/u8x8_debounce.o
 .debug_aranges
                  0x000330         0x18 build/default/production/u8g2/u8x8_display.o
 .debug_aranges
                  0x000348         0x18 build/default/production/u8g2/u8x8_gpio.o
 .debug_aranges
                  0x000360         0x18 build/default/production/u8g2/u8x8_input_value.o
 .debug_aranges
                  0x000378         0x18 build/default/production/u8g2/u8x8_message.o
 .debug_aranges
                  0x000390         0x18 build/default/production/u8g2/u8x8_selection_list.o
 .debug_aranges
                  0x0003a8         0x18 build/default/production/u8g2/u8x8_setup.o
 .debug_aranges
                  0x0003c0         0x18 build/default/production/u8g2/u8x8_string.o
 .debug_aranges
                  0x0003d8         0x18 build/default/production/u8g2/u8x8_u16toa.o
 .debug_aranges
                  0x0003f0         0x18 build/default/production/u8g2/u8x8_u8toa.o
 .debug_aranges
                  0x000408         0x18 build/default/production/u8g2/u8x8_d_ssd1306_128x64_noname.o
                    0x0000                  WREG0 = 0x0
                    0x0000                  _WREG0 = 0x0
                    0x0002                  WREG1 = 0x2
                    0x0002                  _WREG1 = 0x2
                    0x0004                  WREG2 = 0x4
                    0x0004                  _WREG2 = 0x4
                    0x0006                  WREG3 = 0x6
                    0x0006                  _WREG3 = 0x6
                    0x0008                  WREG4 = 0x8
                    0x0008                  _WREG4 = 0x8
                    0x000a                  WREG5 = 0xa
                    0x000a                  _WREG5 = 0xa
                    0x000c                  WREG6 = 0xc
                    0x000c                  _WREG6 = 0xc
                    0x000e                  WREG7 = 0xe
                    0x000e                  _WREG7 = 0xe
                    0x0010                  WREG8 = 0x10
                    0x0010                  _WREG8 = 0x10
                    0x0012                  WREG9 = 0x12
                    0x0012                  _WREG9 = 0x12
                    0x0014                  WREG10 = 0x14
                    0x0014                  _WREG10 = 0x14
                    0x0016                  WREG11 = 0x16
                    0x0016                  _WREG11 = 0x16
                    0x0018                  WREG12 = 0x18
                    0x0018                  _WREG12 = 0x18
                    0x001a                  WREG13 = 0x1a
                    0x001a                  _WREG13 = 0x1a
                    0x001c                  WREG14 = 0x1c
                    0x001c                  _WREG14 = 0x1c
                    0x001e                  WREG15 = 0x1e
                    0x001e                  _WREG15 = 0x1e
                    0x0020                  SPLIM = 0x20
                    0x0020                  _SPLIM = 0x20
                    0x002e                  PCL = 0x2e
                    0x002e                  _PCL = 0x2e
                    0x0030                  PCH = 0x30
                    0x0030                  _PCH = 0x30
                    0x0032                  TBLPAG = 0x32
                    0x0032                  _TBLPAG = 0x32
                    0x0034                  PSVPAG = 0x34
                    0x0034                  _PSVPAG = 0x34
                    0x0036                  RCOUNT = 0x36
                    0x0036                  _RCOUNT = 0x36
                    0x0042                  SR = 0x42
                    0x0042                  _SR = 0x42
                    0x0042                  _SRbits = 0x42
                    0x0044                  CORCON = 0x44
                    0x0044                  _CORCON = 0x44
                    0x0044                  _CORCONbits = 0x44
                    0x0052                  DISICNT = 0x52
                    0x0052                  _DISICNT = 0x52
                    0x0054                  CNPD1 = 0x54
                    0x0054                  _CNPD1 = 0x54
                    0x0054                  _CNPD1bits = 0x54
                    0x0056                  CNPD2 = 0x56
                    0x0056                  _CNPD2 = 0x56
                    0x0056                  _CNPD2bits = 0x56
                    0x0058                  CNPD3 = 0x58
                    0x0058                  _CNPD3 = 0x58
                    0x0058                  _CNPD3bits = 0x58
                    0x005a                  CNPD4 = 0x5a
                    0x005a                  _CNPD4 = 0x5a
                    0x005a                  _CNPD4bits = 0x5a
                    0x005c                  CNPD5 = 0x5c
                    0x005c                  _CNPD5 = 0x5c
                    0x005c                  _CNPD5bits = 0x5c
                    0x005e                  CNPD6 = 0x5e
                    0x005e                  _CNPD6 = 0x5e
                    0x005e                  _CNPD6bits = 0x5e
                    0x0060                  CNEN1 = 0x60
                    0x0060                  _CNEN1 = 0x60
                    0x0060                  _CNEN1bits = 0x60
                    0x0062                  CNEN2 = 0x62
                    0x0062                  _CNEN2 = 0x62
                    0x0062                  _CNEN2bits = 0x62
                    0x0064                  CNEN3 = 0x64
                    0x0064                  _CNEN3 = 0x64
                    0x0064                  _CNEN3bits = 0x64
                    0x0066                  CNEN4 = 0x66
                    0x0066                  _CNEN4 = 0x66
                    0x0066                  _CNEN4bits = 0x66
                    0x0068                  CNEN5 = 0x68
                    0x0068                  _CNEN5 = 0x68
                    0x0068                  _CNEN5bits = 0x68
                    0x006a                  CNEN6 = 0x6a
                    0x006a                  _CNEN6 = 0x6a
                    0x006a                  _CNEN6bits = 0x6a
                    0x006c                  CNPU1 = 0x6c
                    0x006c                  _CNPU1 = 0x6c
                    0x006c                  _CNPU1bits = 0x6c
                    0x006e                  CNPU2 = 0x6e
                    0x006e                  _CNPU2 = 0x6e
                    0x006e                  _CNPU2bits = 0x6e
                    0x0070                  CNPU3 = 0x70
                    0x0070                  _CNPU3 = 0x70
                    0x0070                  _CNPU3bits = 0x70
                    0x0072                  CNPU4 = 0x72
                    0x0072                  _CNPU4 = 0x72
                    0x0072                  _CNPU4bits = 0x72
                    0x0074                  CNPU5 = 0x74
                    0x0074                  _CNPU5 = 0x74
                    0x0074                  _CNPU5bits = 0x74
                    0x0076                  CNPU6 = 0x76
                    0x0076                  _CNPU6 = 0x76
                    0x0076                  _CNPU6bits = 0x76
                    0x0080                  INTCON1 = 0x80
                    0x0080                  _INTCON1 = 0x80
                    0x0080                  _INTCON1bits = 0x80
                    0x0082                  INTCON2 = 0x82
                    0x0082                  _INTCON2 = 0x82
                    0x0082                  _INTCON2bits = 0x82
                    0x0084                  IFS0 = 0x84
                    0x0084                  _IFS0 = 0x84
                    0x0084                  _IFS0bits = 0x84
                    0x0086                  IFS1 = 0x86
                    0x0086                  _IFS1 = 0x86
                    0x0086                  _IFS1bits = 0x86
                    0x0088                  IFS2 = 0x88
                    0x0088                  _IFS2 = 0x88
                    0x0088                  _IFS2bits = 0x88
                    0x008a                  IFS3 = 0x8a
                    0x008a                  _IFS3 = 0x8a
                    0x008a                  _IFS3bits = 0x8a
                    0x008c                  IFS4 = 0x8c
                    0x008c                  _IFS4 = 0x8c
                    0x008c                  _IFS4bits = 0x8c
                    0x008e                  IFS5 = 0x8e
                    0x008e                  _IFS5 = 0x8e
                    0x008e                  _IFS5bits = 0x8e
                    0x0094                  IEC0 = 0x94
                    0x0094                  _IEC0 = 0x94
                    0x0094                  _IEC0bits = 0x94
                    0x0096                  IEC1 = 0x96
                    0x0096                  _IEC1 = 0x96
                    0x0096                  _IEC1bits = 0x96
                    0x0098                  IEC2 = 0x98
                    0x0098                  _IEC2 = 0x98
                    0x0098                  _IEC2bits = 0x98
                    0x009a                  IEC3 = 0x9a
                    0x009a                  _IEC3 = 0x9a
                    0x009a                  _IEC3bits = 0x9a
                    0x009c                  IEC4 = 0x9c
                    0x009c                  _IEC4 = 0x9c
                    0x009c                  _IEC4bits = 0x9c
                    0x009e                  IEC5 = 0x9e
                    0x009e                  _IEC5 = 0x9e
                    0x009e                  _IEC5bits = 0x9e
                    0x00a4                  IPC0 = 0xa4
                    0x00a4                  _IPC0 = 0xa4
                    0x00a4                  _IPC0bits = 0xa4
                    0x00a6                  IPC1 = 0xa6
                    0x00a6                  _IPC1 = 0xa6
                    0x00a6                  _IPC1bits = 0xa6
                    0x00a8                  IPC2 = 0xa8
                    0x00a8                  _IPC2 = 0xa8
                    0x00a8                  _IPC2bits = 0xa8
                    0x00aa                  IPC3 = 0xaa
                    0x00aa                  _IPC3 = 0xaa
                    0x00aa                  _IPC3bits = 0xaa
                    0x00ac                  IPC4 = 0xac
                    0x00ac                  _IPC4 = 0xac
                    0x00ac                  _IPC4bits = 0xac
                    0x00ae                  IPC5 = 0xae
                    0x00ae                  _IPC5 = 0xae
                    0x00ae                  _IPC5bits = 0xae
                    0x00b0                  IPC6 = 0xb0
                    0x00b0                  _IPC6 = 0xb0
                    0x00b0                  _IPC6bits = 0xb0
                    0x00b2                  IPC7 = 0xb2
                    0x00b2                  _IPC7 = 0xb2
                    0x00b2                  _IPC7bits = 0xb2
                    0x00b4                  IPC8 = 0xb4
                    0x00b4                  _IPC8 = 0xb4
                    0x00b4                  _IPC8bits = 0xb4
                    0x00b6                  IPC9 = 0xb6
                    0x00b6                  _IPC9 = 0xb6
                    0x00b6                  _IPC9bits = 0xb6
                    0x00b8                  IPC10 = 0xb8
                    0x00b8                  _IPC10 = 0xb8
                    0x00b8                  _IPC10bits = 0xb8
                    0x00ba                  IPC11 = 0xba
                    0x00ba                  _IPC11 = 0xba
                    0x00ba                  _IPC11bits = 0xba
                    0x00bc                  IPC12 = 0xbc
                    0x00bc                  _IPC12 = 0xbc
                    0x00bc                  _IPC12bits = 0xbc
                    0x00be                  IPC13 = 0xbe
                    0x00be                  _IPC13 = 0xbe
                    0x00be                  _IPC13bits = 0xbe
                    0x00c2                  IPC15 = 0xc2
                    0x00c2                  _IPC15 = 0xc2
                    0x00c2                  _IPC15bits = 0xc2
                    0x00c4                  IPC16 = 0xc4
                    0x00c4                  _IPC16 = 0xc4
                    0x00c4                  _IPC16bits = 0xc4
                    0x00c8                  IPC18 = 0xc8
                    0x00c8                  _IPC18 = 0xc8
                    0x00c8                  _IPC18bits = 0xc8
                    0x00ca                  IPC19 = 0xca
                    0x00ca                  _IPC19 = 0xca
                    0x00ca                  _IPC19bits = 0xca
                    0x00cc                  IPC20 = 0xcc
                    0x00cc                  _IPC20 = 0xcc
                    0x00cc                  _IPC20bits = 0xcc
                    0x00ce                  IPC21 = 0xce
                    0x00ce                  _IPC21 = 0xce
                    0x00ce                  _IPC21bits = 0xce
                    0x00d0                  IPC22 = 0xd0
                    0x00d0                  _IPC22 = 0xd0
                    0x00d0                  _IPC22bits = 0xd0
                    0x00d2                  IPC23 = 0xd2
                    0x00d2                  _IPC23 = 0xd2
                    0x00d2                  _IPC23bits = 0xd2
                    0x00e0                  INTTREG = 0xe0
                    0x00e0                  _INTTREG = 0xe0
                    0x00e0                  _INTTREGbits = 0xe0
                    0x0100                  TMR1 = 0x100
                    0x0100                  _TMR1 = 0x100
                    0x0102                  PR1 = 0x102
                    0x0102                  _PR1 = 0x102
                    0x0104                  T1CON = 0x104
                    0x0104                  _T1CON = 0x104
                    0x0104                  _T1CONbits = 0x104
                    0x0106                  TMR2 = 0x106
                    0x0106                  _TMR2 = 0x106
                    0x0108                  TMR3HLD = 0x108
                    0x0108                  _TMR3HLD = 0x108
                    0x010a                  TMR3 = 0x10a
                    0x010a                  _TMR3 = 0x10a
                    0x010c                  PR2 = 0x10c
                    0x010c                  _PR2 = 0x10c
                    0x010e                  PR3 = 0x10e
                    0x010e                  _PR3 = 0x10e
                    0x0110                  T2CON = 0x110
                    0x0110                  _T2CON = 0x110
                    0x0110                  _T2CONbits = 0x110
                    0x0112                  T3CON = 0x112
                    0x0112                  _T3CON = 0x112
                    0x0112                  _T3CONbits = 0x112
                    0x0114                  TMR4 = 0x114
                    0x0114                  _TMR4 = 0x114
                    0x0116                  TMR5HLD = 0x116
                    0x0116                  _TMR5HLD = 0x116
                    0x0118                  TMR5 = 0x118
                    0x0118                  _TMR5 = 0x118
                    0x011a                  PR4 = 0x11a
                    0x011a                  _PR4 = 0x11a
                    0x011c                  PR5 = 0x11c
                    0x011c                  _PR5 = 0x11c
                    0x011e                  T4CON = 0x11e
                    0x011e                  _T4CON = 0x11e
                    0x011e                  _T4CONbits = 0x11e
                    0x0120                  T5CON = 0x120
                    0x0120                  _T5CON = 0x120
                    0x0120                  _T5CONbits = 0x120
                    0x0140                  IC1CON1 = 0x140
                    0x0140                  _IC1CON1 = 0x140
                    0x0140                  _IC1CON1bits = 0x140
                    0x0142                  IC1CON2 = 0x142
                    0x0142                  _IC1CON2 = 0x142
                    0x0142                  _IC1CON2bits = 0x142
                    0x0144                  IC1BUF = 0x144
                    0x0144                  _IC1BUF = 0x144
                    0x0146                  IC1TMR = 0x146
                    0x0146                  _IC1TMR = 0x146
                    0x0148                  IC2CON1 = 0x148
                    0x0148                  _IC2CON1 = 0x148
                    0x0148                  _IC2CON1bits = 0x148
                    0x014a                  IC2CON2 = 0x14a
                    0x014a                  _IC2CON2 = 0x14a
                    0x014a                  _IC2CON2bits = 0x14a
                    0x014c                  IC2BUF = 0x14c
                    0x014c                  _IC2BUF = 0x14c
                    0x014e                  IC2TMR = 0x14e
                    0x014e                  _IC2TMR = 0x14e
                    0x0150                  IC3CON1 = 0x150
                    0x0150                  _IC3CON1 = 0x150
                    0x0150                  _IC3CON1bits = 0x150
                    0x0152                  IC3CON2 = 0x152
                    0x0152                  _IC3CON2 = 0x152
                    0x0152                  _IC3CON2bits = 0x152
                    0x0154                  IC3BUF = 0x154
                    0x0154                  _IC3BUF = 0x154
                    0x0156                  IC3TMR = 0x156
                    0x0156                  _IC3TMR = 0x156
                    0x0158                  IC4CON1 = 0x158
                    0x0158                  _IC4CON1 = 0x158
                    0x0158                  _IC4CON1bits = 0x158
                    0x015a                  IC4CON2 = 0x15a
                    0x015a                  _IC4CON2 = 0x15a
                    0x015a                  _IC4CON2bits = 0x15a
                    0x015c                  IC4BUF = 0x15c
                    0x015c                  _IC4BUF = 0x15c
                    0x015e                  IC4TMR = 0x15e
                    0x015e                  _IC4TMR = 0x15e
                    0x0160                  IC5CON1 = 0x160
                    0x0160                  _IC5CON1 = 0x160
                    0x0160                  _IC5CON1bits = 0x160
                    0x0162                  IC5CON2 = 0x162
                    0x0162                  _IC5CON2 = 0x162
                    0x0162                  _IC5CON2bits = 0x162
                    0x0164                  IC5BUF = 0x164
                    0x0164                  _IC5BUF = 0x164
                    0x0166                  IC5TMR = 0x166
                    0x0166                  _IC5TMR = 0x166
                    0x0168                  IC6CON1 = 0x168
                    0x0168                  _IC6CON1 = 0x168
                    0x0168                  _IC6CON1bits = 0x168
                    0x016a                  IC6CON2 = 0x16a
                    0x016a                  _IC6CON2 = 0x16a
                    0x016a                  _IC6CON2bits = 0x16a
                    0x016c                  IC6BUF = 0x16c
                    0x016c                  _IC6BUF = 0x16c
                    0x016e                  IC6TMR = 0x16e
                    0x016e                  _IC6TMR = 0x16e
                    0x0170                  IC7CON1 = 0x170
                    0x0170                  _IC7CON1 = 0x170
                    0x0170                  _IC7CON1bits = 0x170
                    0x0172                  IC7CON2 = 0x172
                    0x0172                  _IC7CON2 = 0x172
                    0x0172                  _IC7CON2bits = 0x172
                    0x0174                  IC7BUF = 0x174
                    0x0174                  _IC7BUF = 0x174
                    0x0176                  IC7TMR = 0x176
                    0x0176                  _IC7TMR = 0x176
                    0x0178                  IC8CON1 = 0x178
                    0x0178                  _IC8CON1 = 0x178
                    0x0178                  _IC8CON1bits = 0x178
                    0x017a                  IC8CON2 = 0x17a
                    0x017a                  _IC8CON2 = 0x17a
                    0x017a                  _IC8CON2bits = 0x17a
                    0x017c                  IC8BUF = 0x17c
                    0x017c                  _IC8BUF = 0x17c
                    0x017e                  IC8TMR = 0x17e
                    0x017e                  _IC8TMR = 0x17e
                    0x0180                  IC9CON1 = 0x180
                    0x0180                  _IC9CON1 = 0x180
                    0x0180                  _IC9CON1bits = 0x180
                    0x0182                  IC9CON2 = 0x182
                    0x0182                  _IC9CON2 = 0x182
                    0x0182                  _IC9CON2bits = 0x182
                    0x0184                  IC9BUF = 0x184
                    0x0184                  _IC9BUF = 0x184
                    0x0186                  IC9TMR = 0x186
                    0x0186                  _IC9TMR = 0x186
                    0x0190                  OC1CON1 = 0x190
                    0x0190                  _OC1CON1 = 0x190
                    0x0190                  _OC1CON1bits = 0x190
                    0x0192                  OC1CON2 = 0x192
                    0x0192                  _OC1CON2 = 0x192
                    0x0192                  _OC1CON2bits = 0x192
                    0x0194                  OC1RS = 0x194
                    0x0194                  _OC1RS = 0x194
                    0x0196                  OC1R = 0x196
                    0x0196                  _OC1R = 0x196
                    0x0198                  OC1TMR = 0x198
                    0x0198                  _OC1TMR = 0x198
                    0x019a                  OC2CON1 = 0x19a
                    0x019a                  _OC2CON1 = 0x19a
                    0x019a                  _OC2CON1bits = 0x19a
                    0x019c                  OC2CON2 = 0x19c
                    0x019c                  _OC2CON2 = 0x19c
                    0x019c                  _OC2CON2bits = 0x19c
                    0x019e                  OC2RS = 0x19e
                    0x019e                  _OC2RS = 0x19e
                    0x01a0                  OC2R = 0x1a0
                    0x01a0                  _OC2R = 0x1a0
                    0x01a2                  OC2TMR = 0x1a2
                    0x01a2                  _OC2TMR = 0x1a2
                    0x01a4                  OC3CON1 = 0x1a4
                    0x01a4                  _OC3CON1 = 0x1a4
                    0x01a4                  _OC3CON1bits = 0x1a4
                    0x01a6                  OC3CON2 = 0x1a6
                    0x01a6                  _OC3CON2 = 0x1a6
                    0x01a6                  _OC3CON2bits = 0x1a6
                    0x01a8                  OC3RS = 0x1a8
                    0x01a8                  _OC3RS = 0x1a8
                    0x01aa                  OC3R = 0x1aa
                    0x01aa                  _OC3R = 0x1aa
                    0x01ac                  OC3TMR = 0x1ac
                    0x01ac                  _OC3TMR = 0x1ac
                    0x01ae                  OC4CON1 = 0x1ae
                    0x01ae                  _OC4CON1 = 0x1ae
                    0x01ae                  _OC4CON1bits = 0x1ae
                    0x01b0                  OC4CON2 = 0x1b0
                    0x01b0                  _OC4CON2 = 0x1b0
                    0x01b0                  _OC4CON2bits = 0x1b0
                    0x01b2                  OC4RS = 0x1b2
                    0x01b2                  _OC4RS = 0x1b2
                    0x01b4                  OC4R = 0x1b4
                    0x01b4                  _OC4R = 0x1b4
                    0x01b6                  OC4TMR = 0x1b6
                    0x01b6                  _OC4TMR = 0x1b6
                    0x01b8                  OC5CON1 = 0x1b8
                    0x01b8                  _OC5CON1 = 0x1b8
                    0x01b8                  _OC5CON1bits = 0x1b8
                    0x01ba                  OC5CON2 = 0x1ba
                    0x01ba                  _OC5CON2 = 0x1ba
                    0x01ba                  _OC5CON2bits = 0x1ba
                    0x01bc                  OC5RS = 0x1bc
                    0x01bc                  _OC5RS = 0x1bc
                    0x01be                  OC5R = 0x1be
                    0x01be                  _OC5R = 0x1be
                    0x01c0                  OC5TMR = 0x1c0
                    0x01c0                  _OC5TMR = 0x1c0
                    0x01c2                  OC6CON1 = 0x1c2
                    0x01c2                  _OC6CON1 = 0x1c2
                    0x01c2                  _OC6CON1bits = 0x1c2
                    0x01c4                  OC6CON2 = 0x1c4
                    0x01c4                  _OC6CON2 = 0x1c4
                    0x01c4                  _OC6CON2bits = 0x1c4
                    0x01c6                  OC6RS = 0x1c6
                    0x01c6                  _OC6RS = 0x1c6
                    0x01c8                  OC6R = 0x1c8
                    0x01c8                  _OC6R = 0x1c8
                    0x01ca                  OC6TMR = 0x1ca
                    0x01ca                  _OC6TMR = 0x1ca
                    0x01cc                  OC7CON1 = 0x1cc
                    0x01cc                  _OC7CON1 = 0x1cc
                    0x01cc                  _OC7CON1bits = 0x1cc
                    0x01ce                  OC7CON2 = 0x1ce
                    0x01ce                  _OC7CON2 = 0x1ce
                    0x01ce                  _OC7CON2bits = 0x1ce
                    0x01d0                  OC7RS = 0x1d0
                    0x01d0                  _OC7RS = 0x1d0
                    0x01d2                  OC7R = 0x1d2
                    0x01d2                  _OC7R = 0x1d2
                    0x01d4                  OC7TMR = 0x1d4
                    0x01d4                  _OC7TMR = 0x1d4
                    0x01d6                  OC8CON1 = 0x1d6
                    0x01d6                  _OC8CON1 = 0x1d6
                    0x01d6                  _OC8CON1bits = 0x1d6
                    0x01d8                  OC8CON2 = 0x1d8
                    0x01d8                  _OC8CON2 = 0x1d8
                    0x01d8                  _OC8CON2bits = 0x1d8
                    0x01da                  OC8RS = 0x1da
                    0x01da                  _OC8RS = 0x1da
                    0x01dc                  OC8R = 0x1dc
                    0x01dc                  _OC8R = 0x1dc
                    0x01de                  OC8TMR = 0x1de
                    0x01de                  _OC8TMR = 0x1de
                    0x01e0                  OC9CON1 = 0x1e0
                    0x01e0                  _OC9CON1 = 0x1e0
                    0x01e0                  _OC9CON1bits = 0x1e0
                    0x01e2                  OC9CON2 = 0x1e2
                    0x01e2                  _OC9CON2 = 0x1e2
                    0x01e2                  _OC9CON2bits = 0x1e2
                    0x01e4                  OC9RS = 0x1e4
                    0x01e4                  _OC9RS = 0x1e4
                    0x01e6                  OC9R = 0x1e6
                    0x01e6                  _OC9R = 0x1e6
                    0x01e8                  OC9TMR = 0x1e8
                    0x01e8                  _OC9TMR = 0x1e8
                    0x0200                  I2C1RCV = 0x200
                    0x0200                  _I2C1RCV = 0x200
                    0x0202                  I2C1TRN = 0x202
                    0x0202                  _I2C1TRN = 0x202
                    0x0204                  I2C1BRG = 0x204
                    0x0204                  _I2C1BRG = 0x204
                    0x0206                  I2C1CON = 0x206
                    0x0206                  _I2C1CON = 0x206
                    0x0206                  _I2C1CONbits = 0x206
                    0x0208                  I2C1STAT = 0x208
                    0x0208                  _I2C1STAT = 0x208
                    0x0208                  _I2C1STATbits = 0x208
                    0x020a                  I2C1ADD = 0x20a
                    0x020a                  _I2C1ADD = 0x20a
                    0x020c                  I2C1MSK = 0x20c
                    0x020c                  _I2C1MSK = 0x20c
                    0x0210                  I2C2RCV = 0x210
                    0x0210                  _I2C2RCV = 0x210
                    0x0212                  I2C2TRN = 0x212
                    0x0212                  _I2C2TRN = 0x212
                    0x0214                  I2C2BRG = 0x214
                    0x0214                  _I2C2BRG = 0x214
                    0x0216                  I2C2CON = 0x216
                    0x0216                  _I2C2CON = 0x216
                    0x0216                  _I2C2CONbits = 0x216
                    0x0218                  I2C2STAT = 0x218
                    0x0218                  _I2C2STAT = 0x218
                    0x0218                  _I2C2STATbits = 0x218
                    0x021a                  I2C2ADD = 0x21a
                    0x021a                  _I2C2ADD = 0x21a
                    0x021c                  I2C2MSK = 0x21c
                    0x021c                  _I2C2MSK = 0x21c
                    0x0220                  U1MODE = 0x220
                    0x0220                  _U1MODE = 0x220
                    0x0220                  _U1MODEbits = 0x220
                    0x0222                  U1STA = 0x222
                    0x0222                  _U1STA = 0x222
                    0x0222                  _U1STAbits = 0x222
                    0x0224                  U1TXREG = 0x224
                    0x0224                  _U1TXREG = 0x224
                    0x0226                  U1RXREG = 0x226
                    0x0226                  _U1RXREG = 0x226
                    0x0228                  U1BRG = 0x228
                    0x0228                  _U1BRG = 0x228
                    0x0230                  U2MODE = 0x230
                    0x0230                  _U2MODE = 0x230
                    0x0230                  _U2MODEbits = 0x230
                    0x0232                  U2STA = 0x232
                    0x0232                  _U2STA = 0x232
                    0x0232                  _U2STAbits = 0x232
                    0x0234                  U2TXREG = 0x234
                    0x0234                  _U2TXREG = 0x234
                    0x0236                  U2RXREG = 0x236
                    0x0236                  _U2RXREG = 0x236
                    0x0238                  U2BRG = 0x238
                    0x0238                  _U2BRG = 0x238
                    0x0240                  SPI1STAT = 0x240
                    0x0240                  _SPI1STAT = 0x240
                    0x0240                  _SPI1STATbits = 0x240
                    0x0242                  SPI1CON1 = 0x242
                    0x0242                  _SPI1CON1 = 0x242
                    0x0242                  _SPI1CON1bits = 0x242
                    0x0244                  SPI1CON2 = 0x244
                    0x0244                  _SPI1CON2 = 0x244
                    0x0244                  _SPI1CON2bits = 0x244
                    0x0248                  SPI1BUF = 0x248
                    0x0248                  _SPI1BUF = 0x248
                    0x0250                  U3MODE = 0x250
                    0x0250                  _U3MODE = 0x250
                    0x0250                  _U3MODEbits = 0x250
                    0x0252                  U3STA = 0x252
                    0x0252                  _U3STA = 0x252
                    0x0252                  _U3STAbits = 0x252
                    0x0254                  U3TXREG = 0x254
                    0x0254                  _U3TXREG = 0x254
                    0x0256                  U3RXREG = 0x256
                    0x0256                  _U3RXREG = 0x256
                    0x0258                  U3BRG = 0x258
                    0x0258                  _U3BRG = 0x258
                    0x0260                  SPI2STAT = 0x260
                    0x0260                  _SPI2STAT = 0x260
                    0x0260                  _SPI2STATbits = 0x260
                    0x0262                  SPI2CON1 = 0x262
                    0x0262                  _SPI2CON1 = 0x262
                    0x0262                  _SPI2CON1bits = 0x262
                    0x0264                  SPI2CON2 = 0x264
                    0x0264                  _SPI2CON2 = 0x264
                    0x0264                  _SPI2CON2bits = 0x264
                    0x0268                  SPI2BUF = 0x268
                    0x0268                  _SPI2BUF = 0x268
                    0x0270                  I2C3RCV = 0x270
                    0x0270                  _I2C3RCV = 0x270
                    0x0272                  I2C3TRN = 0x272
                    0x0272                  _I2C3TRN = 0x272
                    0x0274                  I2C3BRG = 0x274
                    0x0274                  _I2C3BRG = 0x274
                    0x0276                  I2C3CON = 0x276
                    0x0276                  _I2C3CON = 0x276
                    0x0276                  _I2C3CONbits = 0x276
                    0x0278                  I2C3STAT = 0x278
                    0x0278                  _I2C3STAT = 0x278
                    0x0278                  _I2C3STATbits = 0x278
                    0x027a                  I2C3ADD = 0x27a
                    0x027a                  _I2C3ADD = 0x27a
                    0x027c                  I2C3MSK = 0x27c
                    0x027c                  _I2C3MSK = 0x27c
                    0x0280                  SPI3STAT = 0x280
                    0x0280                  _SPI3STAT = 0x280
                    0x0280                  _SPI3STATbits = 0x280
                    0x0282                  SPI3CON1 = 0x282
                    0x0282                  _SPI3CON1 = 0x282
                    0x0282                  _SPI3CON1bits = 0x282
                    0x0284                  SPI3CON2 = 0x284
                    0x0284                  _SPI3CON2 = 0x284
                    0x0284                  _SPI3CON2bits = 0x284
                    0x0288                  SPI3BUF = 0x288
                    0x0288                  _SPI3BUF = 0x288
                    0x02b0                  U4MODE = 0x2b0
                    0x02b0                  _U4MODE = 0x2b0
                    0x02b0                  _U4MODEbits = 0x2b0
                    0x02b2                  U4STA = 0x2b2
                    0x02b2                  _U4STA = 0x2b2
                    0x02b2                  _U4STAbits = 0x2b2
                    0x02b4                  U4TXREG = 0x2b4
                    0x02b4                  _U4TXREG = 0x2b4
                    0x02b6                  U4RXREG = 0x2b6
                    0x02b6                  _U4RXREG = 0x2b6
                    0x02b8                  U4BRG = 0x2b8
                    0x02b8                  _U4BRG = 0x2b8
                    0x02c8                  TRISB = 0x2c8
                    0x02c8                  _TRISB = 0x2c8
                    0x02c8                  _TRISBbits = 0x2c8
                    0x02ca                  PORTB = 0x2ca
                    0x02ca                  _PORTB = 0x2ca
                    0x02ca                  _PORTBbits = 0x2ca
                    0x02cc                  LATB = 0x2cc
                    0x02cc                  _LATB = 0x2cc
                    0x02cc                  _LATBbits = 0x2cc
                    0x02ce                  ODCB = 0x2ce
                    0x02ce                  _ODCB = 0x2ce
                    0x02ce                  _ODCBbits = 0x2ce
                    0x02d0                  TRISC = 0x2d0
                    0x02d0                  _TRISC = 0x2d0
                    0x02d0                  _TRISCbits = 0x2d0
                    0x02d2                  PORTC = 0x2d2
                    0x02d2                  _PORTC = 0x2d2
                    0x02d2                  _PORTCbits = 0x2d2
                    0x02d4                  LATC = 0x2d4
                    0x02d4                  _LATC = 0x2d4
                    0x02d4                  _LATCbits = 0x2d4
                    0x02d6                  ODCC = 0x2d6
                    0x02d6                  _ODCC = 0x2d6
                    0x02d6                  _ODCCbits = 0x2d6
                    0x02d8                  TRISD = 0x2d8
                    0x02d8                  _TRISD = 0x2d8
                    0x02d8                  _TRISDbits = 0x2d8
                    0x02da                  PORTD = 0x2da
                    0x02da                  _PORTD = 0x2da
                    0x02da                  _PORTDbits = 0x2da
                    0x02dc                  LATD = 0x2dc
                    0x02dc                  _LATD = 0x2dc
                    0x02dc                  _LATDbits = 0x2dc
                    0x02de                  ODCD = 0x2de
                    0x02de                  _ODCD = 0x2de
                    0x02de                  _ODCDbits = 0x2de
                    0x02e0                  TRISE = 0x2e0
                    0x02e0                  _TRISE = 0x2e0
                    0x02e0                  _TRISEbits = 0x2e0
                    0x02e2                  PORTE = 0x2e2
                    0x02e2                  _PORTE = 0x2e2
                    0x02e2                  _PORTEbits = 0x2e2
                    0x02e4                  LATE = 0x2e4
                    0x02e4                  _LATE = 0x2e4
                    0x02e4                  _LATEbits = 0x2e4
                    0x02e6                  ODCE = 0x2e6
                    0x02e6                  _ODCE = 0x2e6
                    0x02e6                  _ODCEbits = 0x2e6
                    0x02e8                  TRISF = 0x2e8
                    0x02e8                  _TRISF = 0x2e8
                    0x02e8                  _TRISFbits = 0x2e8
                    0x02ea                  PORTF = 0x2ea
                    0x02ea                  _PORTF = 0x2ea
                    0x02ea                  _PORTFbits = 0x2ea
                    0x02ec                  LATF = 0x2ec
                    0x02ec                  _LATF = 0x2ec
                    0x02ec                  _LATFbits = 0x2ec
                    0x02ee                  ODCF = 0x2ee
                    0x02ee                  _ODCF = 0x2ee
                    0x02ee                  _ODCFbits = 0x2ee
                    0x02f0                  TRISG = 0x2f0
                    0x02f0                  _TRISG = 0x2f0
                    0x02f0                  _TRISGbits = 0x2f0
                    0x02f2                  PORTG = 0x2f2
                    0x02f2                  _PORTG = 0x2f2
                    0x02f2                  _PORTGbits = 0x2f2
                    0x02f4                  LATG = 0x2f4
                    0x02f4                  _LATG = 0x2f4
                    0x02f4                  _LATGbits = 0x2f4
                    0x02f6                  ODCG = 0x2f6
                    0x02f6                  _ODCG = 0x2f6
                    0x02f6                  _ODCGbits = 0x2f6
                    0x02fc                  PADCFG1 = 0x2fc
                    0x02fc                  _PADCFG1 = 0x2fc
                    0x02fc                  _PADCFG1bits = 0x2fc
                    0x0300                  ADC1BUF0 = 0x300
                    0x0300                  _ADC1BUF0 = 0x300
                    0x0302                  ADC1BUF1 = 0x302
                    0x0302                  _ADC1BUF1 = 0x302
                    0x0304                  ADC1BUF2 = 0x304
                    0x0304                  _ADC1BUF2 = 0x304
                    0x0306                  ADC1BUF3 = 0x306
                    0x0306                  _ADC1BUF3 = 0x306
                    0x0308                  ADC1BUF4 = 0x308
                    0x0308                  _ADC1BUF4 = 0x308
                    0x030a                  ADC1BUF5 = 0x30a
                    0x030a                  _ADC1BUF5 = 0x30a
                    0x030c                  ADC1BUF6 = 0x30c
                    0x030c                  _ADC1BUF6 = 0x30c
                    0x030e                  ADC1BUF7 = 0x30e
                    0x030e                  _ADC1BUF7 = 0x30e
                    0x0310                  ADC1BUF8 = 0x310
                    0x0310                  _ADC1BUF8 = 0x310
                    0x0312                  ADC1BUF9 = 0x312
                    0x0312                  _ADC1BUF9 = 0x312
                    0x0314                  ADC1BUFA = 0x314
                    0x0314                  _ADC1BUFA = 0x314
                    0x0316                  ADC1BUFB = 0x316
                    0x0316                  _ADC1BUFB = 0x316
                    0x0318                  ADC1BUFC = 0x318
                    0x0318                  _ADC1BUFC = 0x318
                    0x031a                  ADC1BUFD = 0x31a
                    0x031a                  _ADC1BUFD = 0x31a
                    0x031c                  ADC1BUFE = 0x31c
                    0x031c                  _ADC1BUFE = 0x31c
                    0x031e                  ADC1BUFF = 0x31e
                    0x031e                  _ADC1BUFF = 0x31e
                    0x0320                  AD1CON1 = 0x320
                    0x0320                  _AD1CON1 = 0x320
                    0x0320                  _AD1CON1bits = 0x320
                    0x0322                  AD1CON2 = 0x322
                    0x0322                  _AD1CON2 = 0x322
                    0x0322                  _AD1CON2bits = 0x322
                    0x0324                  AD1CON3 = 0x324
                    0x0324                  _AD1CON3 = 0x324
                    0x0324                  _AD1CON3bits = 0x324
                    0x0328                  AD1CHS = 0x328
                    0x0328                  _AD1CHS = 0x328
                    0x0328                  _AD1CHSbits = 0x328
                    0x0328                  AD1CHS0 = 0x328
                    0x0328                  _AD1CHS0 = 0x328
                    0x0328                  _AD1CHS0bits = 0x328
                    0x032a                  AD1PCFGH = 0x32a
                    0x032a                  _AD1PCFGH = 0x32a
                    0x032a                  _AD1PCFGHbits = 0x32a
                    0x032c                  AD1PCFG = 0x32c
                    0x032c                  _AD1PCFG = 0x32c
                    0x032c                  _AD1PCFGbits = 0x32c
                    0x032c                  AD1PCFGL = 0x32c
                    0x032c                  _AD1PCFGL = 0x32c
                    0x032c                  _AD1PCFGLbits = 0x32c
                    0x0330                  AD1CSSL = 0x330
                    0x0330                  _AD1CSSL = 0x330
                    0x0330                  _AD1CSSLbits = 0x330
                    0x0332                  AD1CSSH = 0x332
                    0x0332                  _AD1CSSH = 0x332
                    0x0332                  _AD1CSSHbits = 0x332
                    0x033c                  CTMUCON = 0x33c
                    0x033c                  _CTMUCON = 0x33c
                    0x033c                  _CTMUCONbits = 0x33c
                    0x033e                  CTMUICON = 0x33e
                    0x033e                  _CTMUICON = 0x33e
                    0x033e                  _CTMUICONbits = 0x33e
                    0x0600                  PMCON = 0x600
                    0x0600                  _PMCON = 0x600
                    0x0600                  _PMCONbits = 0x600
                    0x0602                  PMMODE = 0x602
                    0x0602                  _PMMODE = 0x602
                    0x0602                  _PMMODEbits = 0x602
                    0x0604                  PMADDR = 0x604
                    0x0604                  _PMADDR = 0x604
                    0x0604                  _PMADDRbits = 0x604
                    0x0604                  PMDOUT1 = 0x604
                    0x0604                  _PMDOUT1 = 0x604
                    0x0604                  _PMDOUT1bits = 0x604
                    0x0606                  PMDOUT2 = 0x606
                    0x0606                  _PMDOUT2 = 0x606
                    0x0608                  PMDIN1 = 0x608
                    0x0608                  _PMDIN1 = 0x608